// Jest Snapshot v1, https://goo.gl/fbAQLP

exports[`<GiftRedeem /> renders component 1`] = `
<div>
  <div
    class="login-page"
  >
    <h2>
      Welcome to our gift's redemption counter
    </h2>
    <div
      class="container"
      id="container"
    >
      <div
        class="form-container sign-in-container"
      >
        <form>
          <input
            placeholder="Enter Staff ID"
            type="text"
            value=""
          />
          <button>
            Verify
          </button>
        </form>
      </div>
      <div
        class="overlay-container"
      >
        <div
          class="overlay"
        >
          <div
            class="overlay-panel overlay-right"
          >
            <h1>
              Welcome, 
              Teams!
               
            </h1>
            <p>
              Christmas season begins. Connected with us and send your representative to redeem your Team gift's. Thanks you.
            </p>
          </div>
        </div>
      </div>
    </div>
  </div>
</div>
`;
